../Core/Src/main.c:72:6:HAL_CAN_RxFifo0MsgPendingCallback	16	static
../Core/Src/main.c:83:5:main	120	static
../Core/Src/main.c:167:6:SystemClock_Config	96	static
../Core/Src/main.c:230:13:MX_CAN1_Init	8	static
../Core/Src/main.c:269:13:MX_IWDG_Init	8	static
../Core/Src/main.c:298:13:MX_LPUART1_UART_Init	8	static
../Core/Src/main.c:332:13:MX_RTC_Init	80	static
../Core/Src/main.c:415:13:MX_USB_OTG_FS_PCD_Init	8	static
../Core/Src/main.c:450:13:MX_GPIO_Init	56	static
../Core/Src/main.c:504:6:HAL_RTC_AlarmAEventCallback	64	static
../Core/Src/main.c:521:6:Error_Handler	4	static,ignoring_inline_asm
