../Core/Src/main.c:97:5:main	120	static
../Core/Src/main.c:215:6:SystemClock_Config	96	static
../Core/Src/main.c:278:13:MX_CAN1_Init	8	static
../Core/Src/main.c:319:13:MX_IWDG_Init	8	static
../Core/Src/main.c:348:13:MX_LPUART1_UART_Init	8	static
../Core/Src/main.c:382:13:MX_RTC_Init	80	static
../Core/Src/main.c:465:13:MX_USB_OTG_FS_PCD_Init	8	static
../Core/Src/main.c:500:13:MX_GPIO_Init	56	static
../Core/Src/main.c:554:6:HAL_RTC_AlarmAEventCallback	64	static
../Core/Src/main.c:566:6:HAL_CAN_RxFifo0MsgPendingCallback	32	static
../Core/Src/main.c:596:6:CAN_Send	16	static
../Core/Src/main.c:616:6:CAN_SendArray	32	static
../Core/Src/main.c:636:6:CAN_SendSFFF	24	static
../Core/Src/main.c:672:6:CAN_SendCF	32	static
../Core/Src/main.c:726:6:Error_Handler	4	static,ignoring_inline_asm
